[C:/Users/İsmail/Desktop/CloudUP.xyz/CloudUP/backblue.gif]
[C:/Users/İsmail/Desktop/CloudUP.xyz/CloudUP/fade.gif]
[C:/Users/İsmail/Desktop/CloudUP.xyz/CloudUP/index.html]
[C:/Users/İsmail/Desktop/CloudUP.xyz/CloudUP/pagead2.googlesyndication.com/pagead/js/f.txt]
[C:/Users/İsmail/Desktop/CloudUP.xyz/CloudUP/cloudupbot.xyz/images/Cloudys.png]
[C:/Users/İsmail/Desktop/CloudUP.xyz/CloudUP/cloudupbot.xyz/images/bg_1.jpg]
[C:/Users/İsmail/Desktop/CloudUP.xyz/CloudUP/cloudupbot.xyz/js/jquery.min.js]
[C:/Users/İsmail/Desktop/CloudUP.xyz/CloudUP/cloudupbot.xyz/js/jquery-migrate-3.0.1.min.js]
[C:/Users/İsmail/Desktop/CloudUP.xyz/CloudUP/cloudupbot.xyz/js/popper.min.js]
[C:/Users/İsmail/Desktop/CloudUP.xyz/CloudUP/cloudupbot.xyz/js/bootstrap.min.js]
[C:/Users/İsmail/Desktop/CloudUP.xyz/CloudUP/cloudupbot.xyz/js/jquery.easing.1.3.js]
[C:/Users/İsmail/Desktop/CloudUP.xyz/CloudUP/cloudupbot.xyz/js/jquery.waypoints.min.js]
[C:/Users/İsmail/Desktop/CloudUP.xyz/CloudUP/cloudupbot.xyz/js/jquery.stellar.min.js]
[C:/Users/İsmail/Desktop/CloudUP.xyz/CloudUP/cloudupbot.xyz/js/owl.carousel.min.js]
[C:/Users/İsmail/Desktop/CloudUP.xyz/CloudUP/cloudupbot.xyz/js/jquery.magnific-popup.min.js]
[C:/Users/İsmail/Desktop/CloudUP.xyz/CloudUP/cloudupbot.xyz/js/aos.js]
[C:/Users/İsmail/Desktop/CloudUP.xyz/CloudUP/cloudupbot.xyz/js/nouislider.min.js]
[C:/Users/İsmail/Desktop/CloudUP.xyz/CloudUP/cloudupbot.xyz/js/moment-with-locales.min.js]
[C:/Users/İsmail/Desktop/CloudUP.xyz/CloudUP/cloudupbot.xyz/js/bootstrap-datetimepicker.min.js]
[C:/Users/İsmail/Desktop/CloudUP.xyz/CloudUP/cloudupbot.xyz/js/main.js]
[C:/Users/İsmail/Desktop/CloudUP.xyz/CloudUP/cloudupbot.xyz/index.html]
[C:/Users/İsmail/Desktop/CloudUP.xyz/CloudUP/cloudupbot.xyz/fonts/open-iconic/open-iconic.eot]
[C:/Users/İsmail/Desktop/CloudUP.xyz/CloudUP/cloudupbot.xyz/fonts/open-iconic/open-iconicd41d.eot]
[C:/Users/İsmail/Desktop/CloudUP.xyz/CloudUP/cloudupbot.xyz/fonts/open-iconic/open-iconic.woff]
[C:/Users/İsmail/Desktop/CloudUP.xyz/CloudUP/cloudupbot.xyz/fonts/open-iconic/open-iconic.ttf]
[C:/Users/İsmail/Desktop/CloudUP.xyz/CloudUP/cloudupbot.xyz/fonts/open-iconic/open-iconic.otf]
[C:/Users/İsmail/Desktop/CloudUP.xyz/CloudUP/cloudupbot.xyz/css/open-iconic-bootstrap.min.css]
[C:/Users/İsmail/Desktop/CloudUP.xyz/CloudUP/cloudupbot.xyz/css/animate.css]
[C:/Users/İsmail/Desktop/CloudUP.xyz/CloudUP/cloudupbot.xyz/css/owl.carousel.min.css]
[C:/Users/İsmail/Desktop/CloudUP.xyz/CloudUP/cloudupbot.xyz/css/owl.theme.default.min.css]
[C:/Users/İsmail/Desktop/CloudUP.xyz/CloudUP/cloudupbot.xyz/css/magnific-popup.css]
[C:/Users/İsmail/Desktop/CloudUP.xyz/CloudUP/cloudupbot.xyz/css/aos.css]
[C:/Users/İsmail/Desktop/CloudUP.xyz/CloudUP/cloudupbot.xyz/fonts/ionicons/fonts/ionicons580c.eot]
[C:/Users/İsmail/Desktop/CloudUP.xyz/CloudUP/cloudupbot.xyz/fonts/ionicons/fonts/ionicons580c.woff2]
[C:/Users/İsmail/Desktop/CloudUP.xyz/CloudUP/cloudupbot.xyz/fonts/ionicons/fonts/ionicons580c.woff]
[C:/Users/İsmail/Desktop/CloudUP.xyz/CloudUP/cloudupbot.xyz/fonts/ionicons/fonts/ionicons580c.ttf]
[C:/Users/İsmail/Desktop/CloudUP.xyz/CloudUP/cloudupbot.xyz/css/ionicons.min.css]
[C:/Users/İsmail/Desktop/CloudUP.xyz/CloudUP/cloudupbot.xyz/css/bootstrap-datetimepicker.min.css]
[C:/Users/İsmail/Desktop/CloudUP.xyz/CloudUP/cloudupbot.xyz/css/nouislider.css]
[C:/Users/İsmail/Desktop/CloudUP.xyz/CloudUP/cloudupbot.xyz/fonts/flaticon/font/Flaticon.eot]
[C:/Users/İsmail/Desktop/CloudUP.xyz/CloudUP/cloudupbot.xyz/fonts/flaticon/font/Flaticond41d.eot]
[C:/Users/İsmail/Desktop/CloudUP.xyz/CloudUP/cloudupbot.xyz/fonts/flaticon/font/Flaticon.woff]
[C:/Users/İsmail/Desktop/CloudUP.xyz/CloudUP/cloudupbot.xyz/fonts/flaticon/font/Flaticon.ttf]
[C:/Users/İsmail/Desktop/CloudUP.xyz/CloudUP/cloudupbot.xyz/css/flaticon.css]
[C:/Users/İsmail/Desktop/CloudUP.xyz/CloudUP/cloudupbot.xyz/fonts/icomoon/icomoonccfb.eot]
[C:/Users/İsmail/Desktop/CloudUP.xyz/CloudUP/cloudupbot.xyz/fonts/icomoon/icomoonccfb.ttf]
[C:/Users/İsmail/Desktop/CloudUP.xyz/CloudUP/cloudupbot.xyz/fonts/icomoon/icomoonccfb.woff]
[C:/Users/İsmail/Desktop/CloudUP.xyz/CloudUP/cloudupbot.xyz/css/icomoon.css]
[C:/Users/İsmail/Desktop/CloudUP.xyz/CloudUP/cloudupbot.xyz/css/style.css]
[C:/Users/İsmail/Desktop/CloudUP.xyz/CloudUP/cloudupbot.xyz/images/person.html]
[C:/Users/İsmail/Desktop/CloudUP.xyz/CloudUP/cloudupbot.xyz/fonts/open-iconic/open-iconic.svg]
[C:/Users/İsmail/Desktop/CloudUP.xyz/CloudUP/cloudupbot.xyz/css/owl.video.play.html]
[C:/Users/İsmail/Desktop/CloudUP.xyz/CloudUP/cloudupbot.xyz/fonts/ionicons/fonts/ionicons580c.svg]
[C:/Users/İsmail/Desktop/CloudUP.xyz/CloudUP/cloudupbot.xyz/images/clock-bg-sm.html]
[C:/Users/İsmail/Desktop/CloudUP.xyz/CloudUP/cloudupbot.xyz/fonts/flaticon/font/Flaticon.svg]
[C:/Users/İsmail/Desktop/CloudUP.xyz/CloudUP/cloudupbot.xyz/fonts/icomoon/icomoonccfb.svg]
